Input #0, mov,mp4,m4a,3gp,3g2,mj2, from '/run/output.mp4':
  Metadata:
    major_brand     : isom
    minor_version   : 512
    compatible_brands: isomiso2avc1mp41
    encoder         : Lavf58.29.100
  Duration: 00:00:30.68, start: 0.000000, bitrate: 1723 kb/s
  Stream #0:0[0x1](und): Video: h264 (High) (avc1 / 0x31637661), yuv420p(progressive), 1344x768, 1588 kb/s, 24 fps, 24 tbr, 12288 tbn (default)
    Metadata:
      handler_name    : VideoHandler
      vendor_id       : [0][0][0][0]
  Stream #0:1[0x2](und): Audio: aac (LC) (mp4a / 0x6134706D), 32000 Hz, stereo, fltp, 128 kb/s (default)
    Metadata:
      handler_name    : SoundHandler
      vendor_id       : [0][0][0][0]
Stream mapping:
  Stream #0:1 -> #0:0 (aac (native) -> pcm_s16le (native))
Press [q] to stop, [?] for help
Output #0, null, to 'pipe:':
  Metadata:
    major_brand     : isom
    minor_version   : 512
    compatible_brands: isomiso2avc1mp41
    encoder         : Lavf60.16.100
  Stream #0:0(und): Audio: pcm_s16le, 32000 Hz, stereo, s16, 1024 kb/s (default)
    Metadata:
      handler_name    : SoundHandler
      vendor_id       : [0][0][0][0]
      encoder         : Lavc60.31.102 pcm_s16le
size=       0kB time=00:00:00.00 bitrate=N/A speed=   0x    [out#0/null @ 0xabd8afa18c90] video:0kB audio:3836kB subtitle:0kB other streams:0kB global headers:0kB muxing overhead: unknown
size=N/A time=00:00:30.65 bitrate=N/A speed= 113x    
[Parsed_astats_1 @ 0xabd8afab7d20] Channel: 1
[Parsed_astats_1 @ 0xabd8afab7d20] DC offset: -0.036532
[Parsed_astats_1 @ 0xabd8afab7d20] Min level: -0.871262
[Parsed_astats_1 @ 0xabd8afab7d20] Max level: 0.619111
[Parsed_astats_1 @ 0xabd8afab7d20] Min difference: 0.000057
[Parsed_astats_1 @ 0xabd8afab7d20] Max difference: 0.222037
[Parsed_astats_1 @ 0xabd8afab7d20] Mean difference: 0.025997
[Parsed_astats_1 @ 0xabd8afab7d20] RMS difference: 0.037032
[Parsed_astats_1 @ 0xabd8afab7d20] Peak level dB: -1.197029
[Parsed_astats_1 @ 0xabd8afab7d20] RMS level dB: -12.500858
[Parsed_astats_1 @ 0xabd8afab7d20] RMS peak dB: -12.500858
[Parsed_astats_1 @ 0xabd8afab7d20] RMS trough dB: -12.500858
[Parsed_astats_1 @ 0xabd8afab7d20] Crest factor: 3.674443
[Parsed_astats_1 @ 0xabd8afab7d20] Flat factor: 0.000000
[Parsed_astats_1 @ 0xabd8afab7d20] Peak count: 2
[Parsed_astats_1 @ 0xabd8afab7d20] Abs Peak count: 1
[Parsed_astats_1 @ 0xabd8afab7d20] Noise floor dB: nan
[Parsed_astats_1 @ 0xabd8afab7d20] Noise floor count: 0
[Parsed_astats_1 @ 0xabd8afab7d20] Entropy: 0.709769
[Parsed_astats_1 @ 0xabd8afab7d20] Bit depth: 31/32/32/32
[Parsed_astats_1 @ 0xabd8afab7d20] Dynamic range: 85.692989
[Parsed_astats_1 @ 0xabd8afab7d20] Zero crossings: 157
[Parsed_astats_1 @ 0xabd8afab7d20] Zero crossings rate: 0.153320
[Parsed_astats_1 @ 0xabd8afab7d20] Number of NaNs: 0
[Parsed_astats_1 @ 0xabd8afab7d20] Number of Infs: 0
[Parsed_astats_1 @ 0xabd8afab7d20] Number of denormals: 0
[Parsed_astats_1 @ 0xabd8afab7d20] Channel: 2
[Parsed_astats_1 @ 0xabd8afab7d20] DC offset: -0.089131
[Parsed_astats_1 @ 0xabd8afab7d20] Min level: -0.887266
[Parsed_astats_1 @ 0xabd8afab7d20] Max level: 0.402253
[Parsed_astats_1 @ 0xabd8afab7d20] Min difference: 0.000040
[Parsed_astats_1 @ 0xabd8afab7d20] Max difference: 0.138846
[Parsed_astats_1 @ 0xabd8afab7d20] Mean difference: 0.027190
[Parsed_astats_1 @ 0xabd8afab7d20] RMS difference: 0.039677
[Parsed_astats_1 @ 0xabd8afab7d20] Peak level dB: -1.038923
[Parsed_astats_1 @ 0xabd8afab7d20] RMS level dB: -12.676695
[Parsed_astats_1 @ 0xabd8afab7d20] RMS peak dB: -12.676695
[Parsed_astats_1 @ 0xabd8afab7d20] RMS trough dB: -12.676695
[Parsed_astats_1 @ 0xabd8afab7d20] Crest factor: 3.818463
[Parsed_astats_1 @ 0xabd8afab7d20] Flat factor: 0.000000
[Parsed_astats_1 @ 0xabd8afab7d20] Peak count: 2
[Parsed_astats_1 @ 0xabd8afab7d20] Abs Peak count: 1
[Parsed_astats_1 @ 0xabd8afab7d20] Noise floor dB: nan
[Parsed_astats_1 @ 0xabd8afab7d20] Noise floor count: 0
[Parsed_astats_1 @ 0xabd8afab7d20] Entropy: 0.698786
[Parsed_astats_1 @ 0xabd8afab7d20] Bit depth: 31/32/32/32
[Parsed_astats_1 @ 0xabd8afab7d20] Dynamic range: 105.504842
[Parsed_astats_1 @ 0xabd8afab7d20] Zero crossings: 195
[Parsed_astats_1 @ 0xabd8afab7d20] Zero crossings rate: 0.190430
[Parsed_astats_1 @ 0xabd8afab7d20] Number of NaNs: 0
[Parsed_astats_1 @ 0xabd8afab7d20] Number of Infs: 0
[Parsed_astats_1 @ 0xabd8afab7d20] Number of denormals: 0
[Parsed_astats_1 @ 0xabd8afab7d20] Overall
[Parsed_astats_1 @ 0xabd8afab7d20] DC offset: -0.089131
[Parsed_astats_1 @ 0xabd8afab7d20] Min level: -0.887266
[Parsed_astats_1 @ 0xabd8afab7d20] Max level: 0.619111
[Parsed_astats_1 @ 0xabd8afab7d20] Min difference: 0.000040
[Parsed_astats_1 @ 0xabd8afab7d20] Max difference: 0.222037
[Parsed_astats_1 @ 0xabd8afab7d20] Mean difference: 0.026594
[Parsed_astats_1 @ 0xabd8afab7d20] RMS difference: 0.038377
[Parsed_astats_1 @ 0xabd8afab7d20] Peak level dB: -1.038923
[Parsed_astats_1 @ 0xabd8afab7d20] RMS level dB: -12.587887
[Parsed_astats_1 @ 0xabd8afab7d20] RMS peak dB: -12.500858
[Parsed_astats_1 @ 0xabd8afab7d20] RMS trough dB: -12.676695
[Parsed_astats_1 @ 0xabd8afab7d20] Flat factor: 0.000000
[Parsed_astats_1 @ 0xabd8afab7d20] Peak count: 2.000000
[Parsed_astats_1 @ 0xabd8afab7d20] Abs Peak count: 1.000000
[Parsed_astats_1 @ 0xabd8afab7d20] Noise floor dB: nan
[Parsed_astats_1 @ 0xabd8afab7d20] Noise floor count: 0.000000
[Parsed_astats_1 @ 0xabd8afab7d20] Entropy: 0.704278
[Parsed_astats_1 @ 0xabd8afab7d20] Bit depth: 31/32/32/32
[Parsed_astats_1 @ 0xabd8afab7d20] Number of samples: 1024
[Parsed_astats_1 @ 0xabd8afab7d20] Number of NaNs: 0.000000
[Parsed_astats_1 @ 0xabd8afab7d20] Number of Infs: 0.000000
[Parsed_astats_1 @ 0xabd8afab7d20] Number of denormals: 0.000000
