Input #0, mov,mp4,m4a,3gp,3g2,mj2, from '/run/output.mp4':
  Metadata:
    major_brand     : isom
    minor_version   : 512
    compatible_brands: isomiso2avc1mp41
    encoder         : Lavf58.29.100
  Duration: 00:00:10.13, start: 0.000000, bitrate: 1865 kb/s
  Stream #0:0[0x1](und): Video: h264 (High) (avc1 / 0x31637661), yuv420p(progressive), 1344x768, 1729 kb/s, 24 fps, 24 tbr, 12288 tbn (default)
    Metadata:
      handler_name    : VideoHandler
      vendor_id       : [0][0][0][0]
  Stream #0:1[0x2](und): Audio: aac (LC) (mp4a / 0x6134706D), 32000 Hz, stereo, fltp, 128 kb/s (default)
    Metadata:
      handler_name    : SoundHandler
      vendor_id       : [0][0][0][0]
Stream mapping:
  Stream #0:1 -> #0:0 (aac (native) -> pcm_s16le (native))
Press [q] to stop, [?] for help
Output #0, null, to 'pipe:':
  Metadata:
    major_brand     : isom
    minor_version   : 512
    compatible_brands: isomiso2avc1mp41
    encoder         : Lavf60.16.100
  Stream #0:0(und): Audio: pcm_s16le, 32000 Hz, stereo, s16, 1024 kb/s (default)
    Metadata:
      handler_name    : SoundHandler
      vendor_id       : [0][0][0][0]
      encoder         : Lavc60.31.102 pcm_s16le
size=       0kB time=00:00:00.00 bitrate=N/A speed=   0x    [out#0/null @ 0xbc3ba385b960] video:0kB audio:1268kB subtitle:0kB other streams:0kB global headers:0kB muxing overhead: unknown
size=N/A time=00:00:10.11 bitrate=N/A speed= 115x    
[Parsed_astats_1 @ 0xbc3ba3818fe0] Channel: 1
[Parsed_astats_1 @ 0xbc3ba3818fe0] DC offset: 0.009592
[Parsed_astats_1 @ 0xbc3ba3818fe0] Min level: -0.263374
[Parsed_astats_1 @ 0xbc3ba3818fe0] Max level: 0.236658
[Parsed_astats_1 @ 0xbc3ba3818fe0] Min difference: 0.000001
[Parsed_astats_1 @ 0xbc3ba3818fe0] Max difference: 0.083459
[Parsed_astats_1 @ 0xbc3ba3818fe0] Mean difference: 0.003498
[Parsed_astats_1 @ 0xbc3ba3818fe0] RMS difference: 0.006174
[Parsed_astats_1 @ 0xbc3ba3818fe0] Peak level dB: -11.588529
[Parsed_astats_1 @ 0xbc3ba3818fe0] RMS level dB: -21.148661
[Parsed_astats_1 @ 0xbc3ba3818fe0] RMS peak dB: -21.148661
[Parsed_astats_1 @ 0xbc3ba3818fe0] RMS trough dB: -21.148661
[Parsed_astats_1 @ 0xbc3ba3818fe0] Crest factor: 3.006122
[Parsed_astats_1 @ 0xbc3ba3818fe0] Flat factor: 0.000000
[Parsed_astats_1 @ 0xbc3ba3818fe0] Peak count: 2
[Parsed_astats_1 @ 0xbc3ba3818fe0] Abs Peak count: 1
[Parsed_astats_1 @ 0xbc3ba3818fe0] Noise floor dB: nan
[Parsed_astats_1 @ 0xbc3ba3818fe0] Noise floor count: 0
[Parsed_astats_1 @ 0xbc3ba3818fe0] Entropy: 0.594558
[Parsed_astats_1 @ 0xbc3ba3818fe0] Bit depth: 30/32/32/32
[Parsed_astats_1 @ 0xbc3ba3818fe0] Dynamic range: 114.642140
[Parsed_astats_1 @ 0xbc3ba3818fe0] Zero crossings: 91
[Parsed_astats_1 @ 0xbc3ba3818fe0] Zero crossings rate: 0.088867
[Parsed_astats_1 @ 0xbc3ba3818fe0] Number of NaNs: 0
[Parsed_astats_1 @ 0xbc3ba3818fe0] Number of Infs: 0
[Parsed_astats_1 @ 0xbc3ba3818fe0] Number of denormals: 0
[Parsed_astats_1 @ 0xbc3ba3818fe0] Channel: 2
[Parsed_astats_1 @ 0xbc3ba3818fe0] DC offset: 0.000550
[Parsed_astats_1 @ 0xbc3ba3818fe0] Min level: -0.321604
[Parsed_astats_1 @ 0xbc3ba3818fe0] Max level: 0.254912
[Parsed_astats_1 @ 0xbc3ba3818fe0] Min difference: 0.000000
[Parsed_astats_1 @ 0xbc3ba3818fe0] Max difference: 0.083833
[Parsed_astats_1 @ 0xbc3ba3818fe0] Mean difference: 0.002507
[Parsed_astats_1 @ 0xbc3ba3818fe0] RMS difference: 0.005188
[Parsed_astats_1 @ 0xbc3ba3818fe0] Peak level dB: -9.853576
[Parsed_astats_1 @ 0xbc3ba3818fe0] RMS level dB: -21.514577
[Parsed_astats_1 @ 0xbc3ba3818fe0] RMS peak dB: -21.514577
[Parsed_astats_1 @ 0xbc3ba3818fe0] RMS trough dB: -21.514577
[Parsed_astats_1 @ 0xbc3ba3818fe0] Crest factor: 3.828689
[Parsed_astats_1 @ 0xbc3ba3818fe0] Flat factor: 0.000000
[Parsed_astats_1 @ 0xbc3ba3818fe0] Peak count: 2
[Parsed_astats_1 @ 0xbc3ba3818fe0] Abs Peak count: 1
[Parsed_astats_1 @ 0xbc3ba3818fe0] Noise floor dB: nan
[Parsed_astats_1 @ 0xbc3ba3818fe0] Noise floor count: 0
[Parsed_astats_1 @ 0xbc3ba3818fe0] Entropy: 0.430290
[Parsed_astats_1 @ 0xbc3ba3818fe0] Bit depth: 30/32/32/32
[Parsed_astats_1 @ 0xbc3ba3818fe0] Dynamic range: 117.829435
[Parsed_astats_1 @ 0xbc3ba3818fe0] Zero crossings: 42
[Parsed_astats_1 @ 0xbc3ba3818fe0] Zero crossings rate: 0.041016
[Parsed_astats_1 @ 0xbc3ba3818fe0] Number of NaNs: 0
[Parsed_astats_1 @ 0xbc3ba3818fe0] Number of Infs: 0
[Parsed_astats_1 @ 0xbc3ba3818fe0] Number of denormals: 0
[Parsed_astats_1 @ 0xbc3ba3818fe0] Overall
[Parsed_astats_1 @ 0xbc3ba3818fe0] DC offset: 0.009592
[Parsed_astats_1 @ 0xbc3ba3818fe0] Min level: -0.321604
[Parsed_astats_1 @ 0xbc3ba3818fe0] Max level: 0.254912
[Parsed_astats_1 @ 0xbc3ba3818fe0] Min difference: 0.000000
[Parsed_astats_1 @ 0xbc3ba3818fe0] Max difference: 0.083833
[Parsed_astats_1 @ 0xbc3ba3818fe0] Mean difference: 0.003003
[Parsed_astats_1 @ 0xbc3ba3818fe0] RMS difference: 0.005702
[Parsed_astats_1 @ 0xbc3ba3818fe0] Peak level dB: -9.853576
[Parsed_astats_1 @ 0xbc3ba3818fe0] RMS level dB: -21.327766
[Parsed_astats_1 @ 0xbc3ba3818fe0] RMS peak dB: -21.148661
[Parsed_astats_1 @ 0xbc3ba3818fe0] RMS trough dB: -21.514577
[Parsed_astats_1 @ 0xbc3ba3818fe0] Flat factor: 0.000000
[Parsed_astats_1 @ 0xbc3ba3818fe0] Peak count: 2.000000
[Parsed_astats_1 @ 0xbc3ba3818fe0] Abs Peak count: 1.000000
[Parsed_astats_1 @ 0xbc3ba3818fe0] Noise floor dB: nan
[Parsed_astats_1 @ 0xbc3ba3818fe0] Noise floor count: 0.000000
[Parsed_astats_1 @ 0xbc3ba3818fe0] Entropy: 0.512424
[Parsed_astats_1 @ 0xbc3ba3818fe0] Bit depth: 30/32/32/32
[Parsed_astats_1 @ 0xbc3ba3818fe0] Number of samples: 1024
[Parsed_astats_1 @ 0xbc3ba3818fe0] Number of NaNs: 0.000000
[Parsed_astats_1 @ 0xbc3ba3818fe0] Number of Infs: 0.000000
[Parsed_astats_1 @ 0xbc3ba3818fe0] Number of denormals: 0.000000
